[+] Containers:
 |- [+] Container: /Game/ThirdPerson/Maps/ThirdPersonMap
 |   |- [+] ActorDescs:
 |   |   |- Guid:0C186A8544B3DE3806D3C9A9DDF3EE04 BaseClass: NativeClass:/Script/Engine.StaticMeshActor Name:StaticMeshActor_UAID_CC28AAC7F46B830603_1324944236 Label:SM_Cube13 SpatiallyLoaded:1 Bounds:IsValid=true, Min=(X=-900.000 Y=-1500.000 Z=20.000), Max=(X=4600.000 Y=-1450.000 Z=895.000) RuntimeGrid:None EditorOnly:0 RuntimeOnly:0 HLODRelevant:1 ListedInSceneOutliner:1 IsMainWorldOnly:0 FolderPath:Playground FolderGuid:C73F09FC4215536B1DCE2A9E0A830C70
 |   |   |- Guid:27253BC949B0117A99AFC88BEB1359E1 BaseClass: NativeClass:/Script/Engine.PostProcessVolume Name:PostProcessVolume_UAID_CC28AAC7F46B830603_2035241223 Label:PostProcessVolume SpatiallyLoaded:0 Bounds:IsValid=true, Min=(X=-1690.000 Y=40.000 Z=410.000), Max=(X=-1490.000 Y=240.000 Z=610.000) RuntimeGrid:None EditorOnly:0 RuntimeOnly:0 HLODRelevant:0 ListedInSceneOutliner:1 IsMainWorldOnly:0
 |   |   |- Guid:3A00AA1C422CE54C0BDB60BAF471BFBB BaseClass: NativeClass:/Script/Engine.PlayerStart Name:PlayerStart_0 Label:PlayerStart SpatiallyLoaded:0 Bounds:IsValid=true, Min=(X=2210.000 Y=3120.000 Z=160.013), Max=(X=2290.000 Y=3200.000 Z=344.013) RuntimeGrid:None EditorOnly:0 RuntimeOnly:0 HLODRelevant:0 ListedInSceneOutliner:1 IsMainWorldOnly:0 FolderPath:Player FolderGuid:571E54164286E57E8547E29FF6D18679
 |   |   |- Guid:6BAF4DDD444C60371492D3919DB42C97 BaseClass: NativeClass:/Script/Engine.WorldDataLayers Name:WorldDataLayers Label:WorldDataLayers SpatiallyLoaded:0 Bounds:Invalid RuntimeGrid:None EditorOnly:0 RuntimeOnly:0 HLODRelevant:0 ListedInSceneOutliner:1 IsMainWorldOnly:1
 |   |   |- Guid:8A5D142A4FAE9E6360D364B4AD85BDD2 BaseClass: NativeClass:/Script/Engine.SkyLight Name:SkyLight_UAID_CC28AAC7F46B830603_1495808239 Label:SkyLight SpatiallyLoaded:0 Bounds:IsValid=true, Min=(X=-1470.000 Y=0.000 Z=850.000), Max=(X=-1470.000 Y=0.000 Z=850.000) RuntimeGrid:None EditorOnly:0 RuntimeOnly:0 HLODRelevant:0 ListedInSceneOutliner:1 IsMainWorldOnly:0 FolderPath:Playground FolderGuid:C73F09FC4215536B1DCE2A9E0A830C70
 |   |   |- Guid:8B42B0DC41690F1F0968BBA45656BBCC BaseClass: NativeClass:/Script/Engine.SkyAtmosphere Name:SkyAtmosphere_UAID_CC28AAC7F46B830603_1498247240 Label:SkyAtmosphere SpatiallyLoaded:0 Bounds:IsValid=true, Min=(X=-1640.000 Y=-120.000 Z=910.000), Max=(X=-1640.000 Y=-120.000 Z=910.000) RuntimeGrid:None EditorOnly:0 RuntimeOnly:0 HLODRelevant:0 ListedInSceneOutliner:1 IsMainWorldOnly:0 FolderPath:Playground FolderGuid:C73F09FC4215536B1DCE2A9E0A830C70
 |   |   |- Guid:AE5748E54C3AB4F5255E9D9446A516F6 BaseClass: NativeClass:/Script/Engine.StaticMeshActor Name:StaticMeshActor_UAID_CC28AAC7F46B830603_1363164238 Label:SM_Cube15 SpatiallyLoaded:1 Bounds:IsValid=true, Min=(X=4550.000 Y=-1500.000 Z=20.000), Max=(X=4600.000 Y=4000.000 Z=895.000) RuntimeGrid:None EditorOnly:0 RuntimeOnly:0 HLODRelevant:1 ListedInSceneOutliner:1 IsMainWorldOnly:0 FolderPath:Playground FolderGuid:C73F09FC4215536B1DCE2A9E0A830C70
 |   |   |- Guid:CF9D48B4465445B9A71C2DA669BDD7FD BaseClass: NativeClass:/Script/Engine.DirectionalLight Name:DirectionalLight_UAID_CC28AAC7F46B830603_1500137241 Label:DirectionalLight SpatiallyLoaded:0 Bounds:Invalid RuntimeGrid:None EditorOnly:0 RuntimeOnly:0 HLODRelevant:0 ListedInSceneOutliner:1 IsMainWorldOnly:0 FolderPath:Playground FolderGuid:C73F09FC4215536B1DCE2A9E0A830C70
 |   |   |- Guid:D8F5BC04444BF2017CA65DA084FFF60D BaseClass: NativeClass:/Script/Engine.SkeletalMeshActor Name:SkeletalMeshActor_UAID_CC28AAC7F46BD3FE02_2075514857 Label:astronaut+suit+3d+model_Skeleton2 SpatiallyLoaded:1 Bounds:IsValid=true, Min=(X=590.000 Y=1750.000 Z=1700.000), Max=(X=590.000 Y=1750.000 Z=1700.000) RuntimeGrid:None EditorOnly:0 RuntimeOnly:0 HLODRelevant:0 ListedInSceneOutliner:1 IsMainWorldOnly:0 FolderPath:Player FolderGuid:571E54164286E57E8547E29FF6D18679
 |   |   |- Guid:DBB275F0418A2D091EE72FAD8972442C BaseClass: NativeClass:/Script/Engine.StaticMeshActor Name:StaticMeshActor_UAID_10FFE02A7A52D1F802_1802947167 Label:SM_Cube12 SpatiallyLoaded:1 Bounds:IsValid=true, Min=(X=-900.000 Y=-1500.000 Z=20.000), Max=(X=-850.000 Y=4000.000 Z=895.000) RuntimeGrid:None EditorOnly:0 RuntimeOnly:0 HLODRelevant:1 ListedInSceneOutliner:1 IsMainWorldOnly:0 FolderPath:Playground FolderGuid:C73F09FC4215536B1DCE2A9E0A830C70
 |   |   |- Guid:E2D0D18B45CF42E7AE08D991A5A63FE0 BaseClass: NativeClass:/Script/Engine.StaticMeshActor Name:StaticMeshActor_UAID_10FFE02A7A524AFD02_1673779763 Label:SM_Cube3 SpatiallyLoaded:1 Bounds:IsValid=true, Min=(X=-900.000 Y=-1500.000 Z=0.000), Max=(X=4600.000 Y=4000.000 Z=20.000) RuntimeGrid:None EditorOnly:0 RuntimeOnly:0 HLODRelevant:1 ListedInSceneOutliner:1 IsMainWorldOnly:0 FolderPath:Playground FolderGuid:C73F09FC4215536B1DCE2A9E0A830C70
 |   |   |- Guid:EA557D5243E7EACBEE51AA8070A10E90 BaseClass: NativeClass:/Script/Engine.SkeletalMeshActor Name:SkeletalMeshActor_UAID_CC28AAC7F46BD3FE02_2034334856 Label:astronaut+suit+3d+model_Skeleton SpatiallyLoaded:1 Bounds:IsValid=true, Min=(X=800.000 Y=1680.000 Z=1700.000), Max=(X=800.000 Y=1680.000 Z=1700.000) RuntimeGrid:None EditorOnly:0 RuntimeOnly:0 HLODRelevant:0 ListedInSceneOutliner:1 IsMainWorldOnly:0 FolderPath:Player FolderGuid:571E54164286E57E8547E29FF6D18679
 |   |   |- Guid:F632BE234D50A3C758FBC28D0B80DEC8 BaseClass: NativeClass:/Script/Engine.StaticMeshActor Name:StaticMeshActor_UAID_CC28AAC7F46B830603_1348019237 Label:SM_Cube14 SpatiallyLoaded:1 Bounds:IsValid=true, Min=(X=-900.000 Y=3950.000 Z=20.000), Max=(X=4600.000 Y=4000.000 Z=895.000) RuntimeGrid:None EditorOnly:0 RuntimeOnly:0 HLODRelevant:1 ListedInSceneOutliner:1 IsMainWorldOnly:0 FolderPath:Playground FolderGuid:C73F09FC4215536B1DCE2A9E0A830C70
 |   |   |- Guid:FCE9CA904653E71ECCE31E92A6F5B02F BaseClass: NativeClass:/Script/Engine.PlayerStart Name:PlayerStart_UAID_CC28AAC7F46BDBFE02_1305726268 Label:PlayerStart2 SpatiallyLoaded:0 Bounds:IsValid=true, Min=(X=2210.000 Y=2880.000 Z=160.013), Max=(X=2290.000 Y=2960.000 Z=344.013) RuntimeGrid:None EditorOnly:0 RuntimeOnly:0 HLODRelevant:0 ListedInSceneOutliner:1 IsMainWorldOnly:0 FolderPath:Player FolderGuid:571E54164286E57E8547E29FF6D18679
 |   |- [+] Clusters:
 |   |   |- [+] [  0]
 |   |   |   |- Guid:0C186A8544B3DE3806D3C9A9DDF3EE04 BaseClass: NativeClass:/Script/Engine.StaticMeshActor Name:StaticMeshActor_UAID_CC28AAC7F46B830603_1324944236 Label:SM_Cube13 SpatiallyLoaded:1 Bounds:IsValid=true, Min=(X=-900.000 Y=-1500.000 Z=20.000), Max=(X=4600.000 Y=-1450.000 Z=895.000) RuntimeGrid:None EditorOnly:0 RuntimeOnly:0 HLODRelevant:1 ListedInSceneOutliner:1 IsMainWorldOnly:0 FolderPath:Playground FolderGuid:C73F09FC4215536B1DCE2A9E0A830C70
 |   |   |- [+] [  1]
 |   |   |   |- Guid:27253BC949B0117A99AFC88BEB1359E1 BaseClass: NativeClass:/Script/Engine.PostProcessVolume Name:PostProcessVolume_UAID_CC28AAC7F46B830603_2035241223 Label:PostProcessVolume SpatiallyLoaded:0 Bounds:IsValid=true, Min=(X=-1690.000 Y=40.000 Z=410.000), Max=(X=-1490.000 Y=240.000 Z=610.000) RuntimeGrid:None EditorOnly:0 RuntimeOnly:0 HLODRelevant:0 ListedInSceneOutliner:1 IsMainWorldOnly:0
 |   |   |- [+] [  2]
 |   |   |   |- Guid:3A00AA1C422CE54C0BDB60BAF471BFBB BaseClass: NativeClass:/Script/Engine.PlayerStart Name:PlayerStart_0 Label:PlayerStart SpatiallyLoaded:0 Bounds:IsValid=true, Min=(X=2210.000 Y=3120.000 Z=160.013), Max=(X=2290.000 Y=3200.000 Z=344.013) RuntimeGrid:None EditorOnly:0 RuntimeOnly:0 HLODRelevant:0 ListedInSceneOutliner:1 IsMainWorldOnly:0 FolderPath:Player FolderGuid:571E54164286E57E8547E29FF6D18679
 |   |   |- [+] [  3]
 |   |   |   |- Guid:6BAF4DDD444C60371492D3919DB42C97 BaseClass: NativeClass:/Script/Engine.WorldDataLayers Name:WorldDataLayers Label:WorldDataLayers SpatiallyLoaded:0 Bounds:Invalid RuntimeGrid:None EditorOnly:0 RuntimeOnly:0 HLODRelevant:0 ListedInSceneOutliner:1 IsMainWorldOnly:1
 |   |   |- [+] [  4]
 |   |   |   |- Guid:8A5D142A4FAE9E6360D364B4AD85BDD2 BaseClass: NativeClass:/Script/Engine.SkyLight Name:SkyLight_UAID_CC28AAC7F46B830603_1495808239 Label:SkyLight SpatiallyLoaded:0 Bounds:IsValid=true, Min=(X=-1470.000 Y=0.000 Z=850.000), Max=(X=-1470.000 Y=0.000 Z=850.000) RuntimeGrid:None EditorOnly:0 RuntimeOnly:0 HLODRelevant:0 ListedInSceneOutliner:1 IsMainWorldOnly:0 FolderPath:Playground FolderGuid:C73F09FC4215536B1DCE2A9E0A830C70
 |   |   |- [+] [  5]
 |   |   |   |- Guid:8B42B0DC41690F1F0968BBA45656BBCC BaseClass: NativeClass:/Script/Engine.SkyAtmosphere Name:SkyAtmosphere_UAID_CC28AAC7F46B830603_1498247240 Label:SkyAtmosphere SpatiallyLoaded:0 Bounds:IsValid=true, Min=(X=-1640.000 Y=-120.000 Z=910.000), Max=(X=-1640.000 Y=-120.000 Z=910.000) RuntimeGrid:None EditorOnly:0 RuntimeOnly:0 HLODRelevant:0 ListedInSceneOutliner:1 IsMainWorldOnly:0 FolderPath:Playground FolderGuid:C73F09FC4215536B1DCE2A9E0A830C70
 |   |   |- [+] [  6]
 |   |   |   |- Guid:AE5748E54C3AB4F5255E9D9446A516F6 BaseClass: NativeClass:/Script/Engine.StaticMeshActor Name:StaticMeshActor_UAID_CC28AAC7F46B830603_1363164238 Label:SM_Cube15 SpatiallyLoaded:1 Bounds:IsValid=true, Min=(X=4550.000 Y=-1500.000 Z=20.000), Max=(X=4600.000 Y=4000.000 Z=895.000) RuntimeGrid:None EditorOnly:0 RuntimeOnly:0 HLODRelevant:1 ListedInSceneOutliner:1 IsMainWorldOnly:0 FolderPath:Playground FolderGuid:C73F09FC4215536B1DCE2A9E0A830C70
 |   |   |- [+] [  7]
 |   |   |   |- Guid:CF9D48B4465445B9A71C2DA669BDD7FD BaseClass: NativeClass:/Script/Engine.DirectionalLight Name:DirectionalLight_UAID_CC28AAC7F46B830603_1500137241 Label:DirectionalLight SpatiallyLoaded:0 Bounds:Invalid RuntimeGrid:None EditorOnly:0 RuntimeOnly:0 HLODRelevant:0 ListedInSceneOutliner:1 IsMainWorldOnly:0 FolderPath:Playground FolderGuid:C73F09FC4215536B1DCE2A9E0A830C70
 |   |   |- [+] [  8]
 |   |   |   |- Guid:D8F5BC04444BF2017CA65DA084FFF60D BaseClass: NativeClass:/Script/Engine.SkeletalMeshActor Name:SkeletalMeshActor_UAID_CC28AAC7F46BD3FE02_2075514857 Label:astronaut+suit+3d+model_Skeleton2 SpatiallyLoaded:1 Bounds:IsValid=true, Min=(X=590.000 Y=1750.000 Z=1700.000), Max=(X=590.000 Y=1750.000 Z=1700.000) RuntimeGrid:None EditorOnly:0 RuntimeOnly:0 HLODRelevant:0 ListedInSceneOutliner:1 IsMainWorldOnly:0 FolderPath:Player FolderGuid:571E54164286E57E8547E29FF6D18679
 |   |   |- [+] [  9]
 |   |   |   |- Guid:DBB275F0418A2D091EE72FAD8972442C BaseClass: NativeClass:/Script/Engine.StaticMeshActor Name:StaticMeshActor_UAID_10FFE02A7A52D1F802_1802947167 Label:SM_Cube12 SpatiallyLoaded:1 Bounds:IsValid=true, Min=(X=-900.000 Y=-1500.000 Z=20.000), Max=(X=-850.000 Y=4000.000 Z=895.000) RuntimeGrid:None EditorOnly:0 RuntimeOnly:0 HLODRelevant:1 ListedInSceneOutliner:1 IsMainWorldOnly:0 FolderPath:Playground FolderGuid:C73F09FC4215536B1DCE2A9E0A830C70
 |   |   |- [+] [ 10]
 |   |   |   |- Guid:E2D0D18B45CF42E7AE08D991A5A63FE0 BaseClass: NativeClass:/Script/Engine.StaticMeshActor Name:StaticMeshActor_UAID_10FFE02A7A524AFD02_1673779763 Label:SM_Cube3 SpatiallyLoaded:1 Bounds:IsValid=true, Min=(X=-900.000 Y=-1500.000 Z=0.000), Max=(X=4600.000 Y=4000.000 Z=20.000) RuntimeGrid:None EditorOnly:0 RuntimeOnly:0 HLODRelevant:1 ListedInSceneOutliner:1 IsMainWorldOnly:0 FolderPath:Playground FolderGuid:C73F09FC4215536B1DCE2A9E0A830C70
 |   |   |- [+] [ 11]
 |   |   |   |- Guid:EA557D5243E7EACBEE51AA8070A10E90 BaseClass: NativeClass:/Script/Engine.SkeletalMeshActor Name:SkeletalMeshActor_UAID_CC28AAC7F46BD3FE02_2034334856 Label:astronaut+suit+3d+model_Skeleton SpatiallyLoaded:1 Bounds:IsValid=true, Min=(X=800.000 Y=1680.000 Z=1700.000), Max=(X=800.000 Y=1680.000 Z=1700.000) RuntimeGrid:None EditorOnly:0 RuntimeOnly:0 HLODRelevant:0 ListedInSceneOutliner:1 IsMainWorldOnly:0 FolderPath:Player FolderGuid:571E54164286E57E8547E29FF6D18679
 |   |   |- [+] [ 12]
 |   |   |   |- Guid:F632BE234D50A3C758FBC28D0B80DEC8 BaseClass: NativeClass:/Script/Engine.StaticMeshActor Name:StaticMeshActor_UAID_CC28AAC7F46B830603_1348019237 Label:SM_Cube14 SpatiallyLoaded:1 Bounds:IsValid=true, Min=(X=-900.000 Y=3950.000 Z=20.000), Max=(X=4600.000 Y=4000.000 Z=895.000) RuntimeGrid:None EditorOnly:0 RuntimeOnly:0 HLODRelevant:1 ListedInSceneOutliner:1 IsMainWorldOnly:0 FolderPath:Playground FolderGuid:C73F09FC4215536B1DCE2A9E0A830C70
 |   |   |- [+] [ 13]
 |   |   |   |- Guid:FCE9CA904653E71ECCE31E92A6F5B02F BaseClass: NativeClass:/Script/Engine.PlayerStart Name:PlayerStart_UAID_CC28AAC7F46BDBFE02_1305726268 Label:PlayerStart2 SpatiallyLoaded:0 Bounds:IsValid=true, Min=(X=2210.000 Y=2880.000 Z=160.013), Max=(X=2290.000 Y=2960.000 Z=344.013) RuntimeGrid:None EditorOnly:0 RuntimeOnly:0 HLODRelevant:0 ListedInSceneOutliner:1 IsMainWorldOnly:0 FolderPath:Player FolderGuid:571E54164286E57E8547E29FF6D18679
 |- ContainerInstances:
 |- [+] MainContainer:
 |   |-        ID: 00000000000000000000000000000000
 |   |-  ParentID: 00000000000000000000000000000000
 |   |-    Bounds: IsValid=false, Min=(X=0.000 Y=0.000 Z=0.000), Max=(X=0.000 Y=0.000 Z=0.000)
 |   |- Transform: 0.000000,0.000000,0.000000|0.000000,0.000000,-0.000000|1.000000,1.000000,1.000000
 |   |- Container: /Game/ThirdPerson/Maps/ThirdPersonMap
----------------------------------------------------------------------------------------------------------------
ThirdPersonMap - Persistent Level
----------------------------------------------------------------------------------------------------------------
[+] Content of ThirdPersonMap Persistent Level
 |- Always loaded Actor Count: 14 
 |- Actor Path: /Game/ThirdPerson/Maps/ThirdPersonMap.ThirdPersonMap:PersistentLevel.DirectionalLight_UAID_CC28AAC7F46B830603_1500137241
 |- Actor Package: /Game/__ExternalActors__/ThirdPerson/Maps/ThirdPersonMap/5/08/NR4KX8YEP3V9IQVM36AZLP
 |- Actor Path: /Game/ThirdPerson/Maps/ThirdPersonMap.ThirdPersonMap:PersistentLevel.PlayerStart_0
 |- Actor Package: /Game/__ExternalActors__/ThirdPerson/Maps/ThirdPersonMap/D/DE/SWSI13675DVYIZ0N4NF7Y3
 |- Actor Path: /Game/ThirdPerson/Maps/ThirdPersonMap.ThirdPersonMap:PersistentLevel.PlayerStart_UAID_CC28AAC7F46BDBFE02_1305726268
 |- Actor Package: /Game/__ExternalActors__/ThirdPerson/Maps/ThirdPersonMap/7/WH/KUIQJOIU77YQ2SRE8WF4KY
 |- Actor Path: /Game/ThirdPerson/Maps/ThirdPersonMap.ThirdPersonMap:PersistentLevel.PostProcessVolume_UAID_CC28AAC7F46B830603_2035241223
 |- Actor Package: /Game/__ExternalActors__/ThirdPerson/Maps/ThirdPersonMap/4/PQ/FG0M5FQY16GNCYAUNM7HD8
 |- Actor Path: /Game/ThirdPerson/Maps/ThirdPersonMap.ThirdPersonMap:PersistentLevel.SkeletalMeshActor_UAID_CC28AAC7F46BD3FE02_2034334856
 |- Actor Package: /Game/__ExternalActors__/ThirdPerson/Maps/ThirdPersonMap/5/EL/SUVWA52JSYUW3MWDOM7W1Y
 |- Actor Path: /Game/ThirdPerson/Maps/ThirdPersonMap.ThirdPersonMap:PersistentLevel.SkeletalMeshActor_UAID_CC28AAC7F46BD3FE02_2075514857
 |- Actor Package: /Game/__ExternalActors__/ThirdPerson/Maps/ThirdPersonMap/4/VB/0FYENC7DUQ4LLWV1NTFJLP
 |- Actor Path: /Game/ThirdPerson/Maps/ThirdPersonMap.ThirdPersonMap:PersistentLevel.SkyAtmosphere_UAID_CC28AAC7F46B830603_1498247240
 |- Actor Package: /Game/__ExternalActors__/ThirdPerson/Maps/ThirdPersonMap/5/W9/PK2LVTZYNQXFUAD52U5ENY
 |- Actor Path: /Game/ThirdPerson/Maps/ThirdPersonMap.ThirdPersonMap:PersistentLevel.SkyLight_UAID_CC28AAC7F46B830603_1495808239
 |- Actor Package: /Game/__ExternalActors__/ThirdPerson/Maps/ThirdPersonMap/4/XT/JLFX8H91WXL75S0URPXHQL
 |- Actor Path: /Game/ThirdPerson/Maps/ThirdPersonMap.ThirdPersonMap:PersistentLevel.StaticMeshActor_UAID_10FFE02A7A524AFD02_1673779763
 |- Actor Package: /Game/__ExternalActors__/ThirdPerson/Maps/ThirdPersonMap/B/AL/13K4B00NNLPCJFOEZTOLPO
 |- Actor Path: /Game/ThirdPerson/Maps/ThirdPersonMap.ThirdPersonMap:PersistentLevel.StaticMeshActor_UAID_10FFE02A7A52D1F802_1802947167
 |- Actor Package: /Game/__ExternalActors__/ThirdPerson/Maps/ThirdPersonMap/9/CQ/LDR1ZHRBFUPGY5XAMVNQ5F
 |- Actor Path: /Game/ThirdPerson/Maps/ThirdPersonMap.ThirdPersonMap:PersistentLevel.StaticMeshActor_UAID_CC28AAC7F46B830603_1324944236
 |- Actor Package: /Game/__ExternalActors__/ThirdPerson/Maps/ThirdPersonMap/7/DT/D9DJ7FS9R3R0J8QK3LZJIZ
 |- Actor Path: /Game/ThirdPerson/Maps/ThirdPersonMap.ThirdPersonMap:PersistentLevel.StaticMeshActor_UAID_CC28AAC7F46B830603_1348019237
 |- Actor Package: /Game/__ExternalActors__/ThirdPerson/Maps/ThirdPersonMap/5/AG/AHYHRN9J9ZG3YC2MSGM9MX
 |- Actor Path: /Game/ThirdPerson/Maps/ThirdPersonMap.ThirdPersonMap:PersistentLevel.StaticMeshActor_UAID_CC28AAC7F46B830603_1363164238
 |- Actor Package: /Game/__ExternalActors__/ThirdPerson/Maps/ThirdPersonMap/8/FP/PE8IK82Z3WUEPYSJ0B4W87
 |- Actor Path: /Game/ThirdPerson/Maps/ThirdPersonMap.ThirdPersonMap:PersistentLevel.WorldDataLayers
 |- Actor Package: /Game/__ExternalActors__/ThirdPerson/Maps/ThirdPersonMap/0/43/HYQWORMY4JDQ5X3OKZXFLC

----------------------------------------------------------------------------------------------------------------
ThirdPersonMap - Runtime Hash Set
----------------------------------------------------------------------------------------------------------------

