[+] Containers:
 |- [+] Container: /Game/ThirdPerson/Maps/ThirdPersonMap
 |   |- [+] ActorDescs:
 |   |   |- Guid:3A00AA1C422CE54C0BDB60BAF471BFBB BaseClass: NativeClass:/Script/Engine.PlayerStart Name:PlayerStart_0 Label:PlayerStart SpatiallyLoaded:0 Bounds:IsValid=true, Min=(X=2210.000 Y=3120.000 Z=1770.013), Max=(X=2290.000 Y=3200.000 Z=1954.013) RuntimeGrid:None EditorOnly:0 RuntimeOnly:0 HLODRelevant:0 ListedInSceneOutliner:1 IsMainWorldOnly:0
 |   |   |- Guid:6BAF4DDD444C60371492D3919DB42C97 BaseClass: NativeClass:/Script/Engine.WorldDataLayers Name:WorldDataLayers Label:WorldDataLayers SpatiallyLoaded:0 Bounds:Invalid RuntimeGrid:None EditorOnly:0 RuntimeOnly:0 HLODRelevant:0 ListedInSceneOutliner:1 IsMainWorldOnly:1
 |   |   |- Guid:D8F5BC04444BF2017CA65DA084FFF60D BaseClass: NativeClass:/Script/Engine.SkeletalMeshActor Name:SkeletalMeshActor_UAID_CC28AAC7F46BD3FE02_2075514857 Label:astronaut+suit+3d+model_Skeleton2 SpatiallyLoaded:1 Bounds:IsValid=true, Min=(X=590.000 Y=1750.000 Z=1700.000), Max=(X=590.000 Y=1750.000 Z=1700.000) RuntimeGrid:None EditorOnly:0 RuntimeOnly:0 HLODRelevant:0 ListedInSceneOutliner:1 IsMainWorldOnly:0
 |   |   |- Guid:DBB275F0418A2D091EE72FAD8972442C BaseClass: NativeClass:/Script/Engine.StaticMeshActor Name:StaticMeshActor_UAID_10FFE02A7A52D1F802_1802947167 Label:SM_Cube12 SpatiallyLoaded:1 Bounds:IsValid=true, Min=(X=-920.000 Y=-1500.000 Z=1670.000), Max=(X=-870.000 Y=3150.000 Z=2070.000) RuntimeGrid:None EditorOnly:0 RuntimeOnly:0 HLODRelevant:1 ListedInSceneOutliner:1 IsMainWorldOnly:0 FolderPath:Playground FolderGuid:C73F09FC4215536B1DCE2A9E0A830C70
 |   |   |- Guid:E2D0D18B45CF42E7AE08D991A5A63FE0 BaseClass: NativeClass:/Script/Engine.StaticMeshActor Name:StaticMeshActor_UAID_10FFE02A7A524AFD02_1673779763 Label:SM_Cube3 SpatiallyLoaded:1 Bounds:IsValid=true, Min=(X=-900.000 Y=-1500.000 Z=1650.000), Max=(X=4600.000 Y=4000.000 Z=1670.000) RuntimeGrid:None EditorOnly:0 RuntimeOnly:0 HLODRelevant:1 ListedInSceneOutliner:1 IsMainWorldOnly:0 FolderPath:Playground FolderGuid:C73F09FC4215536B1DCE2A9E0A830C70
 |   |   |- Guid:EA557D5243E7EACBEE51AA8070A10E90 BaseClass: NativeClass:/Script/Engine.SkeletalMeshActor Name:SkeletalMeshActor_UAID_CC28AAC7F46BD3FE02_2034334856 Label:astronaut+suit+3d+model_Skeleton SpatiallyLoaded:1 Bounds:IsValid=true, Min=(X=800.000 Y=1680.000 Z=1700.000), Max=(X=800.000 Y=1680.000 Z=1700.000) RuntimeGrid:None EditorOnly:0 RuntimeOnly:0 HLODRelevant:0 ListedInSceneOutliner:1 IsMainWorldOnly:0
 |   |   |- Guid:FCE9CA904653E71ECCE31E92A6F5B02F BaseClass: NativeClass:/Script/Engine.PlayerStart Name:PlayerStart_UAID_CC28AAC7F46BDBFE02_1305726268 Label:PlayerStart2 SpatiallyLoaded:0 Bounds:IsValid=true, Min=(X=2210.000 Y=2880.000 Z=1770.013), Max=(X=2290.000 Y=2960.000 Z=1954.013) RuntimeGrid:None EditorOnly:0 RuntimeOnly:0 HLODRelevant:0 ListedInSceneOutliner:1 IsMainWorldOnly:0
 |   |- [+] Clusters:
 |   |   |- [+] [  0]
 |   |   |   |- Guid:3A00AA1C422CE54C0BDB60BAF471BFBB BaseClass: NativeClass:/Script/Engine.PlayerStart Name:PlayerStart_0 Label:PlayerStart SpatiallyLoaded:0 Bounds:IsValid=true, Min=(X=2210.000 Y=3120.000 Z=1770.013), Max=(X=2290.000 Y=3200.000 Z=1954.013) RuntimeGrid:None EditorOnly:0 RuntimeOnly:0 HLODRelevant:0 ListedInSceneOutliner:1 IsMainWorldOnly:0
 |   |   |- [+] [  1]
 |   |   |   |- Guid:6BAF4DDD444C60371492D3919DB42C97 BaseClass: NativeClass:/Script/Engine.WorldDataLayers Name:WorldDataLayers Label:WorldDataLayers SpatiallyLoaded:0 Bounds:Invalid RuntimeGrid:None EditorOnly:0 RuntimeOnly:0 HLODRelevant:0 ListedInSceneOutliner:1 IsMainWorldOnly:1
 |   |   |- [+] [  2]
 |   |   |   |- Guid:D8F5BC04444BF2017CA65DA084FFF60D BaseClass: NativeClass:/Script/Engine.SkeletalMeshActor Name:SkeletalMeshActor_UAID_CC28AAC7F46BD3FE02_2075514857 Label:astronaut+suit+3d+model_Skeleton2 SpatiallyLoaded:1 Bounds:IsValid=true, Min=(X=590.000 Y=1750.000 Z=1700.000), Max=(X=590.000 Y=1750.000 Z=1700.000) RuntimeGrid:None EditorOnly:0 RuntimeOnly:0 HLODRelevant:0 ListedInSceneOutliner:1 IsMainWorldOnly:0
 |   |   |- [+] [  3]
 |   |   |   |- Guid:DBB275F0418A2D091EE72FAD8972442C BaseClass: NativeClass:/Script/Engine.StaticMeshActor Name:StaticMeshActor_UAID_10FFE02A7A52D1F802_1802947167 Label:SM_Cube12 SpatiallyLoaded:1 Bounds:IsValid=true, Min=(X=-920.000 Y=-1500.000 Z=1670.000), Max=(X=-870.000 Y=3150.000 Z=2070.000) RuntimeGrid:None EditorOnly:0 RuntimeOnly:0 HLODRelevant:1 ListedInSceneOutliner:1 IsMainWorldOnly:0 FolderPath:Playground FolderGuid:C73F09FC4215536B1DCE2A9E0A830C70
 |   |   |- [+] [  4]
 |   |   |   |- Guid:E2D0D18B45CF42E7AE08D991A5A63FE0 BaseClass: NativeClass:/Script/Engine.StaticMeshActor Name:StaticMeshActor_UAID_10FFE02A7A524AFD02_1673779763 Label:SM_Cube3 SpatiallyLoaded:1 Bounds:IsValid=true, Min=(X=-900.000 Y=-1500.000 Z=1650.000), Max=(X=4600.000 Y=4000.000 Z=1670.000) RuntimeGrid:None EditorOnly:0 RuntimeOnly:0 HLODRelevant:1 ListedInSceneOutliner:1 IsMainWorldOnly:0 FolderPath:Playground FolderGuid:C73F09FC4215536B1DCE2A9E0A830C70
 |   |   |- [+] [  5]
 |   |   |   |- Guid:EA557D5243E7EACBEE51AA8070A10E90 BaseClass: NativeClass:/Script/Engine.SkeletalMeshActor Name:SkeletalMeshActor_UAID_CC28AAC7F46BD3FE02_2034334856 Label:astronaut+suit+3d+model_Skeleton SpatiallyLoaded:1 Bounds:IsValid=true, Min=(X=800.000 Y=1680.000 Z=1700.000), Max=(X=800.000 Y=1680.000 Z=1700.000) RuntimeGrid:None EditorOnly:0 RuntimeOnly:0 HLODRelevant:0 ListedInSceneOutliner:1 IsMainWorldOnly:0
 |   |   |- [+] [  6]
 |   |   |   |- Guid:FCE9CA904653E71ECCE31E92A6F5B02F BaseClass: NativeClass:/Script/Engine.PlayerStart Name:PlayerStart_UAID_CC28AAC7F46BDBFE02_1305726268 Label:PlayerStart2 SpatiallyLoaded:0 Bounds:IsValid=true, Min=(X=2210.000 Y=2880.000 Z=1770.013), Max=(X=2290.000 Y=2960.000 Z=1954.013) RuntimeGrid:None EditorOnly:0 RuntimeOnly:0 HLODRelevant:0 ListedInSceneOutliner:1 IsMainWorldOnly:0
 |- ContainerInstances:
 |- [+] MainContainer:
 |   |-        ID: 00000000000000000000000000000000
 |   |-  ParentID: 00000000000000000000000000000000
 |   |-    Bounds: IsValid=false, Min=(X=0.000 Y=0.000 Z=0.000), Max=(X=0.000 Y=0.000 Z=0.000)
 |   |- Transform: 0.000000,0.000000,0.000000|0.000000,0.000000,-0.000000|1.000000,1.000000,1.000000
 |   |- Container: /Game/ThirdPerson/Maps/ThirdPersonMap
----------------------------------------------------------------------------------------------------------------
ThirdPersonMap - Persistent Level
----------------------------------------------------------------------------------------------------------------
[+] Content of ThirdPersonMap Persistent Level
 |- Always loaded Actor Count: 7 
 |- Actor Path: /Game/ThirdPerson/Maps/ThirdPersonMap.ThirdPersonMap:PersistentLevel.PlayerStart_0
 |- Actor Package: /Game/__ExternalActors__/ThirdPerson/Maps/ThirdPersonMap/D/DE/SWSI13675DVYIZ0N4NF7Y3
 |- Actor Path: /Game/ThirdPerson/Maps/ThirdPersonMap.ThirdPersonMap:PersistentLevel.PlayerStart_UAID_CC28AAC7F46BDBFE02_1305726268
 |- Actor Package: /Game/__ExternalActors__/ThirdPerson/Maps/ThirdPersonMap/7/WH/KUIQJOIU77YQ2SRE8WF4KY
 |- Actor Path: /Game/ThirdPerson/Maps/ThirdPersonMap.ThirdPersonMap:PersistentLevel.SkeletalMeshActor_UAID_CC28AAC7F46BD3FE02_2034334856
 |- Actor Package: /Game/__ExternalActors__/ThirdPerson/Maps/ThirdPersonMap/5/EL/SUVWA52JSYUW3MWDOM7W1Y
 |- Actor Path: /Game/ThirdPerson/Maps/ThirdPersonMap.ThirdPersonMap:PersistentLevel.SkeletalMeshActor_UAID_CC28AAC7F46BD3FE02_2075514857
 |- Actor Package: /Game/__ExternalActors__/ThirdPerson/Maps/ThirdPersonMap/4/VB/0FYENC7DUQ4LLWV1NTFJLP
 |- Actor Path: /Game/ThirdPerson/Maps/ThirdPersonMap.ThirdPersonMap:PersistentLevel.StaticMeshActor_UAID_10FFE02A7A524AFD02_1673779763
 |- Actor Package: /Game/__ExternalActors__/ThirdPerson/Maps/ThirdPersonMap/B/AL/13K4B00NNLPCJFOEZTOLPO
 |- Actor Path: /Game/ThirdPerson/Maps/ThirdPersonMap.ThirdPersonMap:PersistentLevel.StaticMeshActor_UAID_10FFE02A7A52D1F802_1802947167
 |- Actor Package: /Game/__ExternalActors__/ThirdPerson/Maps/ThirdPersonMap/9/CQ/LDR1ZHRBFUPGY5XAMVNQ5F
 |- Actor Path: /Game/ThirdPerson/Maps/ThirdPersonMap.ThirdPersonMap:PersistentLevel.WorldDataLayers
 |- Actor Package: /Game/__ExternalActors__/ThirdPerson/Maps/ThirdPersonMap/0/43/HYQWORMY4JDQ5X3OKZXFLC

----------------------------------------------------------------------------------------------------------------
ThirdPersonMap - Runtime Hash Set
----------------------------------------------------------------------------------------------------------------

